// Jest Snapshot v1, https://goo.gl/fbAQLP

exports[`Home snapshot 1`] = `
<RCTSafeAreaView
  style={
    {
      "backgroundColor": "#708090",
      "flex": 1,
    }
  }
>
  <View
    accessible={true}
    collapsable={false}
    focusable={true}
    onClick={[Function]}
    onResponderGrant={[Function]}
    onResponderMove={[Function]}
    onResponderRelease={[Function]}
    onResponderTerminate={[Function]}
    onResponderTerminationRequest={[Function]}
    onStartShouldSetResponder={[Function]}
    style={
      {
        "opacity": 1,
      }
    }
  >
    <Text
      style={
        {
          "color": "#fff",
        }
      }
    >
      Back
    </Text>
  </View>
  <View
    accessibilityState={
      {
        "disabled": false,
      }
    }
    accessible={true}
    collapsable={false}
    focusable={true}
    onClick={[Function]}
    onResponderGrant={[Function]}
    onResponderMove={[Function]}
    onResponderRelease={[Function]}
    onResponderTerminate={[Function]}
    onResponderTerminationRequest={[Function]}
    onStartShouldSetResponder={[Function]}
    style={
      {
        "alignSelf": "center",
        "backgroundColor": "#000",
        "borderRadius": 10,
        "height": 40,
        "marginVertical": 10,
        "opacity": 1,
        "paddingHorizontal": 5,
        "paddingVertical": 10,
        "width": 200,
      }
    }
  >
    <Text
      style={
        {
          "color": "white",
          "letterSpacing": 15,
          "textAlign": "center",
        }
      }
    >
      PARK
    </Text>
  </View>
  <RCTScrollView
    data={[]}
    extraData={
      {
        "carDetails": [],
        "carNum": "",
        "disabled": false,
        "loader": false,
        "modalVisible": false,
        "payment": false,
        "randomArray": [],
        "rows": [],
      }
    }
    getItem={[Function]}
    getItemCount={[Function]}
    keyExtractor={[Function]}
    onContentSizeChange={[Function]}
    onLayout={[Function]}
    onMomentumScrollBegin={[Function]}
    onMomentumScrollEnd={[Function]}
    onScroll={[Function]}
    onScrollBeginDrag={[Function]}
    onScrollEndDrag={[Function]}
    removeClippedSubviews={false}
    renderItem={[Function]}
    scrollEventThrottle={50}
    stickyHeaderIndices={[]}
    viewabilityConfigCallbackPairs={[]}
  >
    <View />
  </RCTScrollView>
</RCTSafeAreaView>
`;
